Two pers. walking through image (leave it at the top).