One pers. walking trough image.
Other person walking towards camera.