Two pers. walking trough image and interact with each other on the top.