Two pers. standing close to the camera interacting with each other.