Two pers. interacting with each other and then walking trough image.