One pers. walking around slowly.
One pers. walking trough image.
One pers. coming from the top and interacting with pers. 1.