One pers. walking towards camera.
One pers. walking through image.