One pers. walking trough image.
Other person walking from right to left near the camera.