One person walking around in the image close to the camera.