One pers. walking through image.
One pers. walking then standing still.
One pers. standing still.