One pers. walking in, turning around and walking out.